// Vitest Snapshot v1, https://vitest.dev/guide/snapshot.html

exports[`App > rendering context data > should render correct email 1`] = `
<div>
  <div>
    <h1>
      JSON PlaceHolder Users
    </h1>
    <div>
      <div>
        <span>
          ID: 
        </span>
        <h2>
          Name: 
          mina
        </h2>
        <p>
          Username: 
          mineapolis
        </p>
        <p>
          Email: 
          mina@mina.com
        </p>
      </div>
      <p />
    </div>
    <div>
      Posts
    </div>
  </div>
</div>
`;
