// Vitest Snapshot v1, https://vitest.dev/guide/snapshot.html

exports[`render context values > should match snapshot 1`] = `
<div>
  <div>
    <span>
      ID: 
      1000
    </span>
    <h2>
      Name: 
      Johny
    </h2>
    <p>
      Username: 
      jj
    </p>
    <p>
      Email: 
      j@gmail.com
    </p>
  </div>
</div>
`;
